// Jest Snapshot v1, https://goo.gl/fbAQLP

exports[`UrlContainer Method Tests should match the snapshot 1`] = `
<section>
  <p>
    No urls yet! Find some to shorten!
  </p>
</section>
`;
